// Jest Snapshot v1, https://goo.gl/fbAQLP

exports[`The home component renders correctly and placeholder text is correct 1`] = `
<View
  style={
    Array [
      Object {
        "flexBasis": 0,
        "flexGrow": 1,
        "flexShrink": 1,
        "marginHorizontal": 15,
        "marginTop": 70,
      },
    ]
  }
>
  <Image
    source={
      Object {
        "testUri": "../../../src/assets/images/logo.png",
      }
    }
    style={
      Array [
        Object {
          "alignSelf": "center",
          "height": 70,
          "width": 70,
        },
      ]
    }
    testID="logo"
  />
  <Text
    style={
      Array [
        Object {
          "color": "#000",
          "marginVertical": 10,
        },
      ]
    }
    testID="search"
  >
    Search
  </Text>
  <View
    style={
      Array [
        Object {
          "alignItems": "center",
          "borderColor": "#000",
          "borderRadius": 10,
          "borderWidth": 0.5,
          "flexDirection": "row",
          "justifyContent": "space-between",
          "paddingHorizontal": 5,
        },
      ]
    }
  >
    <TextInput
      onChangeText={[Function]}
      placeholder="You can search by drug name or by disease"
      style={
        Array [
          Object {
            "color": "#000",
            "flexBasis": 0,
            "flexGrow": 1,
            "flexShrink": 1,
            "fontSize": 15,
            "minHeight": 45,
            "paddingHorizontal": 10,
          },
        ]
      }
      testID="inputText"
      value=""
    />
  </View>
  <View
    style={
      Array [
        Object {
          "flexBasis": 0,
          "flexGrow": 1,
          "flexShrink": 1,
        },
      ]
    }
  >
    <RCTScrollView
      ListEmptyComponent={
        <Styled(Styled(Text))
          testID="emptyText"
        >
          Please Input Search Item
        </Styled(Styled(Text))>
      }
      data={Array []}
      getItem={[Function]}
      getItemCount={[Function]}
      keyExtractor={[Function]}
      onContentSizeChange={[Function]}
      onLayout={[Function]}
      onMomentumScrollBegin={[Function]}
      onMomentumScrollEnd={[Function]}
      onScroll={[Function]}
      onScrollBeginDrag={[Function]}
      onScrollEndDrag={[Function]}
      removeClippedSubviews={false}
      renderItem={[Function]}
      scrollEventThrottle={50}
      showsVerticalScrollIndicator={false}
      stickyHeaderIndices={Array []}
      testID="listId"
      viewabilityConfigCallbackPairs={Array []}
    >
      <View>
        <Text
          onLayout={[Function]}
          style={
            Array [
              Object {
                "alignSelf": "center",
                "color": "#000",
                "fontSize": 17,
                "marginVertical": 200,
              },
            ]
          }
          testID="emptyText"
        >
          Please Input Search Item
        </Text>
      </View>
    </RCTScrollView>
  </View>
</View>
`;
